[Licensing::Module] Trying to connect to existing licensing client channel...
[Licensing::IpcConnector] Successfully connected to: "LicenseClient-Дмитрий" at "2026-05-25T13:46:01.0336772Z"
Built from '6000.3/staging' branch; Version is '6000.3.9f1 (7a9955a4f2fa) revision 8034645'; Using compiler version '194234433'; Build Type 'Release'
OS: 'Windows 10  (10.0.19045) 64bit CoreSingleLanguage' Language: 'ru' Physical Memory: 16318 MB
BatchMode: 1, IsHumanControllingUs: 0, StartBugReporterOnCrash: 0, Is64bit: 1
System  architecture: x64
Process architecture: x64
Date: 2026-05-25T13:46:01Z

COMMAND LINE ARGUMENTS:
S:\UNITY\Unity Editor\6000.3.9f1\Editor\Unity.exe
-adb2
-batchMode
-noUpm
-name
AssetImportWorker8
-projectPath
S:/UNITY/UNITY BACKUP/SPIKE/SPIKE_UNITY
-logFile
Logs/AssetImportWorker8.log
-srvPort
59285
-licensingIpc
LicenseClient-Дмитрий
-job-worker-count
7
-background-job-worker-count
8
-gc-helper-count
1
-name
AssetImport
Successfully changed project path to: S:/UNITY/UNITY BACKUP/SPIKE/SPIKE_UNITY
S:/UNITY/UNITY BACKUP/SPIKE/SPIKE_UNITY
[UnityMemory] Configuration Parameters - Can be set up in boot.config
    "memorysetup-temp-allocator-size-nav-mesh-worker=65536"
    "memorysetup-temp-allocator-size-audio-worker=65536"
    "memorysetup-temp-allocator-size-gfx=262144"
    "memorysetup-allocator-temp-initial-block-size-main=262144"
    "memorysetup-allocator-temp-initial-block-size-worker=262144"
    "memorysetup-temp-allocator-size-background-worker=32768"
    "memorysetup-temp-allocator-size-job-worker=262144"
    "memorysetup-temp-allocator-size-preload-manager=33554432"
    "memorysetup-temp-allocator-size-gi-baking-worker=262144"
    "memorysetup-temp-allocator-size-gi-baking-worker=262144"
    "memorysetup-temp-allocator-size-gi-baking-worker=262144"
    "memorysetup-temp-allocator-size-gi-baking-worker=262144"
    "memorysetup-temp-allocator-size-gi-baking-worker=262144"
    "memorysetup-bucket-allocator-granularity=16"
    "memorysetup-bucket-allocator-bucket-count=8"
    "memorysetup-bucket-allocator-block-size=33554432"
    "memorysetup-bucket-allocator-block-count=8"
    "memorysetup-main-allocator-block-size=16777216"
    "memorysetup-thread-allocator-block-size=16777216"
    "memorysetup-gfx-main-allocator-block-size=16777216"
    "memorysetup-gfx-thread-allocator-block-size=16777216"
    "memorysetup-cache-allocator-block-size=4194304"
    "memorysetup-typetree-allocator-block-size=2097152"
    "memorysetup-profiler-bucket-allocator-granularity=16"
    "memorysetup-profiler-bucket-allocator-bucket-count=8"
    "memorysetup-profiler-bucket-allocator-block-size=33554432"
    "memorysetup-profiler-bucket-allocator-block-count=8"
    "memorysetup-profiler-allocator-block-size=16777216"
    "memorysetup-profiler-editor-allocator-block-size=1048576"
    "memorysetup-temp-allocator-size-main=16777216"
    "memorysetup-job-temp-allocator-block-size=2097152"
    "memorysetup-job-temp-allocator-block-size-background=1048576"
    "memorysetup-job-temp-allocator-reduction-small-platforms=262144"
    "memorysetup-temp-allocator-size-cloud-worker=32768"
Player connection [56456]  Target information:

Player connection [56456]  * "[IP] 192.168.1.39 [Port] 0 [Flags] 2 [Guid] 3234451034 [EditorId] 3234451034 [Version] 1048832 [Id] WindowsEditor(7,DESKTOP-KK1P2OH) [Debug] 1 [PackageName] WindowsEditor [ProjectName] Editor" 

Player connection [56456] Host joined multi-casting on [225.0.0.222:54997]...
Player connection [56456] Host joined alternative multi-casting on [225.0.0.222:34997]...
JobSystem: Creating JobQueue using job-worker-count value 7
Input System module state changed to: Initialized.
[Physics::Module] Initialized fallback backend.
[Physics::Module] Id: 0xdecafbad
Library Redirect Path: Library/
[Physics::Module] Selected backend.
[Physics::Module] Name: PhysX
[Physics::Module] Id: 0xf2b8ea05
[Physics::Module] SDK Version: 4.1.2
[Physics::Module] Integration Version: 1.0.0
[Physics::Module] Threading Mode: Multi-Threaded
Refreshing native plugins compatible for Editor in 51.39 ms, found 3 plugins.
Preloading 0 native plugins for Editor in 0.00 ms.
Initialize engine version: 6000.3.9f1 (7a9955a4f2fa)
[Subsystems] Discovering subsystems at path S:/UNITY/Unity Editor/6000.3.9f1/Editor/Data/Resources/UnitySubsystems
[Subsystems] Discovering subsystems at path S:/UNITY/UNITY BACKUP/SPIKE/SPIKE_UNITY/Assets
GfxDevice: creating device client; kGfxThreadingModeNonThreaded
Direct3D:
    Version:  Direct3D 11.0 [level 11.1]
    Renderer: NVIDIA GeForce GTX 1060 6GB (ID=0x1c03)
    Vendor:   NVIDIA
    VRAM:     6029 MB
    Driver:   32.0.15.8228
Initialize mono
Mono path[0] = 'S:/UNITY/Unity Editor/6000.3.9f1/Editor/Data/Managed'
Mono path[1] = 'S:/UNITY/Unity Editor/6000.3.9f1/Editor/Data/MonoBleedingEdge/lib/mono/unityjit-win32'
Mono config path = 'S:/UNITY/Unity Editor/6000.3.9f1/Editor/Data/MonoBleedingEdge/etc'
Using monoOptions --debugger-agent=transport=dt_socket,embedding=1,server=y,suspend=n,address=127.0.0.1:56320
Begin MonoManager ReloadAssembly
Registering precompiled unity dll's ...
Register platform support module: S:/UNITY/Unity Editor/6000.3.9f1/Editor/Data/PlaybackEngines/WindowsStandaloneSupport/UnityEditor.WindowsStandalone.Extensions.dll
[Licensing::Module] Licensing is not yet initialized.
[Licensing::Client] Handshaking with LicensingClient:
  Version:                 1.17.4+4293ba1
  Session Id:              7455c82361fc4e209f389e22baed4964
  Correlation Id:          acc9f1bbbd26a7516f2ace8f6bcc8bd7
  External correlation Id: 3721015733187167945
  Machine Id:              BSinU4MsdP07HGNxKH7k4gB1okk=
[Licensing::Module] Successfully connected to LicensingClient on channel: "LicenseClient-Дмитрий" (connect: 0.00s, validation: 0.00s, handshake: 10.40s)
[Licensing::IpcConnector] Successfully connected to: "LicenseClient-Дмитрий-notifications" at "2026-05-25T13:46:11.4388205Z"
[Licensing::Module] Licensing Background thread has ended after 10.41s
[Licensing::Module] Licensing is initialized (took 0.40s).
[Licensing::Client] Successfully resolved entitlement details
[Licensing::Module] License group:
  Id: F4-C7SA-D7MS-282S-YHFX-XXXX
  Product: Unity Personal
  Type: ULF
  Expiration: Unlimited
[Licensing::Module] License group:
  Id: 10170697332008-UnityPersXXXX
  Product: Unity Personal
  Type: Assigned
  Expiration: Unlimited
Register platform support module: S:/UNITY/Unity Editor/6000.3.9f1/Editor/Data/PlaybackEngines/MetroSupport/UnityEditor.UWP.Extensions.dll
Registered in 0.411597 seconds.
- Loaded All Assemblies, in  1.454 seconds
Native extension for UWP target not found
Native extension for WindowsStandalone target not found
ScheduleIndexationOnStartup MainProcess:False IndexOnStartup:True
Mono: successfully reloaded assembly
- Finished resetting the current domain, in  0.825 seconds
Domain Reload Profiling: 2277ms
	BeginReloadAssembly (491ms)
		ExecutionOrderSort (0ms)
		DisableScriptedObjects (0ms)
		BackupInstance (0ms)
		ReleaseScriptingObjects (0ms)
		CreateAndSetChildDomain (2ms)
	RebuildCommonClasses (96ms)
	RebuildNativeTypeToScriptingClass (32ms)
	initialDomainReloadingComplete (495ms)
	LoadAllAssembliesAndSetupDomain (338ms)
		LoadAssemblies (486ms)
		RebuildTransferFunctionScriptingTraits (0ms)
		AnalyzeDomain (330ms)
			TypeCache.Refresh (328ms)
				TypeCache.ScanAssembly (305ms)
			BuildScriptInfoCaches (0ms)
			ResolveRequiredComponents (1ms)
	FinalizeReload (826ms)
		ReleaseScriptCaches (0ms)
		RebuildScriptCaches (0ms)
		SetupLoadedEditorAssemblies (728ms)
			LogAssemblyErrors (0ms)
			InitializePlatformSupportModulesInManaged (91ms)
			SetLoadedEditorAssemblies (9ms)
			BeforeProcessingInitializeOnLoad (179ms)
			ProcessInitializeOnLoadAttributes (299ms)
			ProcessInitializeOnLoadMethodAttributes (151ms)
			AfterProcessingInitializeOnLoad (0ms)
			EditorAssembliesLoaded (0ms)
		ExecutionOrderSort2 (0ms)
		AwakeInstancesAfterBackupRestoration (0ms)
Assembly reference Packages/com.unity.cinemachine/Editor/Samples/ExposeHDRPInternals/HDRP-Editor-ref.asmref has no target assembly definition
========================================================================
Worker process is ready to serve import requests
Import Worker Mode flag is 0x00
Assembly reference Packages/com.unity.cinemachine/Editor/Samples/ExposeHDRPInternals/HDRP-Editor-ref.asmref has no target assembly definition
Assembly reference Packages/com.unity.cinemachine/Editor/Samples/ExposeHDRPInternals/HDRP-Editor-ref.asmref has no target assembly definition
Begin MonoManager ReloadAssembly
[Licensing::Client] Successfully resolved entitlement details
[Licensing::Module] License group:
  Id: F4-C7SA-D7MS-282S-YHFX-XXXX
  Product: Unity Personal
  Type: ULF
  Expiration: Unlimited
[Licensing::Module] License group:
  Id: 10170697332008-UnityPersXXXX
  Product: Unity Personal
  Type: Assigned
  Expiration: Unlimited
Duplicate assembly 'System.Collections.Immutable.FSR.dll' with different versions detected, using 'Assets/FastScriptReload/Plugins/Roslyn/2021+/System.Collections.Immutable.FSR.dll, AssemblyName=System.Collections.Immutable, Version=7.0.0.0, Culture=neutral, PublicKeyToken=b03f5f7f11d50a3a' and ignoring 'Assets/FastScriptReload/Plugins/Roslyn/System.Collections.Immutable.dll, AssemblyName=System.Collections.Immutable, Version=1.2.3.0, Culture=neutral, PublicKeyToken=b03f5f7f11d50a3a'.Duplicate assembly 'System.Collections.Immutable.FSR.dll' with different versions detected, using 'Assets/FastScriptReload/Plugins/Roslyn/2021+/System.Collections.Immutable.FSR.dll, AssemblyName=System.Collections.Immutable, Version=7.0.0.0, Culture=neutral, PublicKeyToken=b03f5f7f11d50a3a' and ignoring 'Assets/FastScriptReload/Plugins/Roslyn/2021+/System.Collections.Immutable.dll, AssemblyName=System.Collections.Immutable, Version=1.2.3.0, Culture=neutral, PublicKeyToken=b03f5f7f11d50a3a'.Duplicate assembly 'Microsoft.CodeAnalysis.CSharp.dll' with different versions detected, using 'Assets/FastScriptReload/Plugins/Roslyn/2021+/Microsoft.CodeAnalysis.CSharp.dll, AssemblyName=Microsoft.CodeAnalysis.CSharp, Version=4.6.0.0, Culture=neutral, PublicKeyToken=31bf3856ad364e35' and ignoring 'Assets/FastScriptReload/Plugins/Roslyn/Microsoft.CodeAnalysis.CSharp.dll, AssemblyName=Microsoft.CodeAnalysis.CSharp, Version=2.10.0.0, Culture=neutral, PublicKeyToken=31bf3856ad364e35'.Duplicate assembly 'System.Reflection.Metadata.dll' with different versions detected, using 'Assets/FastScriptReload/Plugins/Roslyn/2021+/System.Reflection.Metadata.dll, AssemblyName=System.Reflection.Metadata, Version=7.0.0.0, Culture=neutral, PublicKeyToken=b03f5f7f11d50a3a' and ignoring 'Assets/FastScriptReload/Plugins/Roslyn/System.Reflection.Metadata.dll, AssemblyName=System.Reflection.Metadata, Version=1.4.3.0, Culture=neutral, PublicKeyToken=b03f5f7f11d50a3a'.Duplicate assembly 'Microsoft.CodeAnalysis.dll' with different versions detected, using 'Assets/FastScriptReload/Plugins/Roslyn/2021+/Microsoft.CodeAnalysis.dll, AssemblyName=Microsoft.CodeAnalysis, Version=4.6.0.0, Culture=neutral, PublicKeyToken=31bf3856ad364e35' and ignoring 'Assets/FastScriptReload/Plugins/Roslyn/Microsoft.CodeAnalysis.dll, AssemblyName=Microsoft.CodeAnalysis, Version=2.10.0.0, Culture=neutral, PublicKeyToken=31bf3856ad364e35'.- Loaded All Assemblies, in  2.075 seconds
Assembly reference Packages/com.unity.cinemachine/Editor/Samples/ExposeHDRPInternals/HDRP-Editor-ref.asmref has no target assembly definition
'Packages/com.unity.cinemachine/Editor/Obsolete/CinemachineVirtualCameraBaseEditor.cs' contains partial class of Unity.Object, exactly 1 of the partial classes needs to be in a file with the same filename. This is to know the one that can be referenced from ie. GameObjects
'Packages/com.unity.cinemachine/Editor/Editors/CinemachineVirtualCameraBaseEditor.cs' contains partial class of Unity.Object, exactly 1 of the partial classes needs to be in a file with the same filename. This is to know the one that can be referenced from ie. GameObjects
Refreshing native plugins compatible for Editor in 1.75 ms, found 3 plugins.
Native extension for UWP target not found
Native extension for WindowsStandalone target not found
Assembly reference Packages/com.unity.cinemachine/Editor/Samples/ExposeHDRPInternals/HDRP-Editor-ref.asmref has no target assembly definition
FSR: Shader does not exist: Object reference not set to an instance of an object
UnityEngine.Debug:ExtractStackTraceNoAlloc (byte*,int,string)
UnityEngine.StackTraceUtility:ExtractStackTrace ()
UnityEngine.DebugLogHandler:Internal_Log (UnityEngine.LogType,UnityEngine.LogOption,string,UnityEngine.Object)
UnityEngine.DebugLogHandler:LogFormat (UnityEngine.LogType,UnityEngine.Object,string,object[])
UnityEngine.Logger:Log (UnityEngine.LogType,object)
ImmersiveVrToolsCommon.Runtime.Logging.LoggerScoped:LogInternal (UnityEngine.LogType,object)
ImmersiveVrToolsCommon.Runtime.Logging.LoggerScoped:LogWarning (object)
FastScriptReload.Editor.FastScriptReloadPreference:SetCommonMaterialsShader (FastScriptReload.Editor.FastScriptReloadPreference/ShadersMode) (at Assets/FastScriptReload/Scripts/Editor/FastScriptReloadWelcomeScreen.cs:863)
FastScriptReload.Editor.FastScriptReloadWelcomeScreenInitializer:AutoDetectAndSetShaderMode () (at Assets/FastScriptReload/Scripts/Editor/FastScriptReloadWelcomeScreen.cs:1089)
FastScriptReload.Editor.FastScriptReloadWelcomeScreenInitializer:InitCommon () (at Assets/FastScriptReload/Scripts/Editor/FastScriptReloadWelcomeScreen.cs:971)
FastScriptReload.Editor.FastScriptReloadWelcomeScreenInitializer:.cctor () (at Assets/FastScriptReload/Scripts/Editor/FastScriptReloadWelcomeScreen.cs:939)
System.Runtime.CompilerServices.RuntimeHelpers:RunClassConstructor (System.RuntimeTypeHandle)
UnityEditor.EditorAssemblies:ProcessInitializeOnLoadAttributes (System.Type[])

(Filename: Assets/FastScriptReload/Scripts/Editor/FastScriptReloadWelcomeScreen.cs Line: 863)

Package Manager log level set to [2]
[Package Manager] Failed to launch server process. Reason: Unity was launched with the -noUpm command-line argument
[Package Manager] Unable to send message (not connected to server process).
[Package Manager] Cannot connect to Unity Package Manager local server
[Package Manager] Failed to launch server process. Reason: Unity was launched with the -noUpm command-line argument
[Package Manager] Unable to send message (not connected to server process).
[Package Manager] Cannot connect to Unity Package Manager local server
ScheduleIndexationOnStartup MainProcess:False IndexOnStartup:True
Mono: successfully reloaded assembly
- Finished resetting the current domain, in  6.084 seconds
Domain Reload Profiling: 8155ms
	BeginReloadAssembly (372ms)
		ExecutionOrderSort (0ms)
		DisableScriptedObjects (11ms)
		BackupInstance (0ms)
		ReleaseScriptingObjects (0ms)
		CreateAndSetChildDomain (54ms)
	RebuildCommonClasses (83ms)
	RebuildNativeTypeToScriptingClass (30ms)
	initialDomainReloadingComplete (125ms)
	LoadAllAssembliesAndSetupDomain (1462ms)
		LoadAssemblies (949ms)
		RebuildTransferFunctionScriptingTraits (0ms)
		AnalyzeDomain (743ms)
			TypeCache.Refresh (572ms)
				TypeCache.ScanAssembly (546ms)
			BuildScriptInfoCaches (137ms)
			ResolveRequiredComponents (28ms)
	FinalizeReload (6084ms)
		ReleaseScriptCaches (0ms)
		RebuildScriptCaches (0ms)
		SetupLoadedEditorAssemblies (5683ms)
			LogAssemblyErrors (0ms)
			InitializePlatformSupportModulesInManaged (3ms)
			SetLoadedEditorAssemblies (11ms)
			BeforeProcessingInitializeOnLoad (472ms)
			ProcessInitializeOnLoadAttributes (5072ms)
			ProcessInitializeOnLoadMethodAttributes (120ms)
			AfterProcessingInitializeOnLoad (5ms)
			EditorAssembliesLoaded (0ms)
		ExecutionOrderSort2 (0ms)
		AwakeInstancesAfterBackupRestoration (13ms)
Launched and connected shader compiler UnityShaderCompiler.exe after 0.06 seconds
Refreshing native plugins compatible for Editor in 2.10 ms, found 3 plugins.
Preloading 0 native plugins for Editor in 0.00 ms.
Unloading 17 Unused Serialized files (Serialized files now loaded: 0)
Unloading 7061 unused Assets / (4.9 MB). Loaded Objects now: 7900.
Memory consumption went from 158.5 MB to 153.6 MB.
Total: 15.711500 ms (FindLiveObjects: 1.347000 ms CreateObjectMapping: 1.135600 ms MarkObjects: 9.724900 ms  DeleteObjects: 3.502200 ms)

========================================================================
Received Import Request.
  Time since last request: 194617.088731 seconds.
  path: Assets/Import/Lahmadju/ImportedModels/Arcade_Game_-_Space_Invaders/materials/CR_videogame_door_0.mat
  artifactKey: Guid(4b5e19bd9b115334cbe935f1f010a95d) Importer(2089858483,b0f066a214c2f5e87bad3c948f4d605d)
Start importing Assets/Import/Lahmadju/ImportedModels/Arcade_Game_-_Space_Invaders/materials/CR_videogame_door_0.mat using Guid(4b5e19bd9b115334cbe935f1f010a95d) Importer(2089858483,b0f066a214c2f5e87bad3c948f4d605d) (ScriptedImporter) -> (artifact id: '2e9a36755bc6101868066224a9f22883') in 0.1860783 seconds
Number of updated asset objects reloaded before import = 0Number of asset objects unloaded after import = 5

========================================================================
Received Import Request.
  Time since last request: 256.927622 seconds.
  path: Assets/Import/Lahmadju/Imported Models/Ultimate 10 Plus Shaders
  artifactKey: Guid(b1614b7cc0c83e94cb30e1a5dc5d622f) Importer(815301076,1909f56bfc062723c751e8b465ee728b)
Start importing Assets/Import/Lahmadju/Imported Models/Ultimate 10 Plus Shaders using Guid(b1614b7cc0c83e94cb30e1a5dc5d622f) Importer(815301076,1909f56bfc062723c751e8b465ee728b) (PreviewImporter) -> (artifact id: 'f71adbfb068c2f9bcb73eac28bf24670') in 0.0010362 seconds
Number of updated asset objects reloaded before import = 0Number of asset objects unloaded after import = 0

========================================================================
Received Import Request.
  Time since last request: 2.304182 seconds.
  path: Assets/Import/Lahmadju/Imported Models/Ultimate 10 Plus Shaders/Materials
  artifactKey: Guid(4fd8f55860fdc6b43aeaab91428b9649) Importer(815301076,1909f56bfc062723c751e8b465ee728b)
Start importing Assets/Import/Lahmadju/Imported Models/Ultimate 10 Plus Shaders/Materials using Guid(4fd8f55860fdc6b43aeaab91428b9649) Importer(815301076,1909f56bfc062723c751e8b465ee728b) (PreviewImporter) -> (artifact id: 'd0a4447da368aeabf41f316f84dc801d') in 0.0007251 seconds
Number of updated asset objects reloaded before import = 0Number of asset objects unloaded after import = 0

========================================================================
Received Import Request.
  Time since last request: 0.483397 seconds.
  path: Assets/Import/Lahmadju/Imported Models/Ultimate 10 Plus Shaders/Materials/Textures
  artifactKey: Guid(241e21fcad524d9468ae81e106ff48d3) Importer(815301076,1909f56bfc062723c751e8b465ee728b)
Start importing Assets/Import/Lahmadju/Imported Models/Ultimate 10 Plus Shaders/Materials/Textures using Guid(241e21fcad524d9468ae81e106ff48d3) Importer(815301076,1909f56bfc062723c751e8b465ee728b) (PreviewImporter) -> (artifact id: 'a980de846146513ff9d419a1886a824a') in 0.0007352 seconds
Number of updated asset objects reloaded before import = 0Number of asset objects unloaded after import = 0

========================================================================
Received Import Request.
  Time since last request: 1.003887 seconds.
  path: Assets/Import/Lahmadju/Imported Models/Ultimate 10 Plus Shaders/Materials/Unique
  artifactKey: Guid(5a0e1cef839337a4c999e9c9ec8a26e6) Importer(815301076,1909f56bfc062723c751e8b465ee728b)
Start importing Assets/Import/Lahmadju/Imported Models/Ultimate 10 Plus Shaders/Materials/Unique using Guid(5a0e1cef839337a4c999e9c9ec8a26e6) Importer(815301076,1909f56bfc062723c751e8b465ee728b) (PreviewImporter) -> (artifact id: 'c2f94e94321d97aea2337010dda986ea') in 0.0007218 seconds
Number of updated asset objects reloaded before import = 0Number of asset objects unloaded after import = 0

========================================================================
Received Import Request.
  Time since last request: 0.849796 seconds.
  path: Assets/Import/Lahmadju/Imported Models/Ultimate 10 Plus Shaders/Materials/Textures/rock.png
  artifactKey: Guid(1d557bc533f5684438d25d03042b1025) Importer(815301076,1909f56bfc062723c751e8b465ee728b)
Start importing Assets/Import/Lahmadju/Imported Models/Ultimate 10 Plus Shaders/Materials/Textures/rock.png using Guid(1d557bc533f5684438d25d03042b1025) Importer(815301076,1909f56bfc062723c751e8b465ee728b) (PreviewImporter)[Licensing::Client] Successfully resolved entitlement details
[Licensing::Module] License group:
  Id: F4-C7SA-D7MS-282S-YHFX-XXXX
  Product: Unity Personal
  Type: ULF
  Expiration: Unlimited
[Licensing::Module] License group:
  Id: 10170697332008-UnityPersXXXX
  Product: Unity Personal
  Type: Assigned
  Expiration: Unlimited
 -> (artifact id: '924970316079b952acd3127a1fd0ec53') in 0.0954549 seconds
Number of updated asset objects reloaded before import = 0Number of asset objects unloaded after import = 2

========================================================================
Received Import Request.
  Time since last request: 0.885491 seconds.
  path: Assets/Import/Lahmadju/Imported Models/Ultimate 10 Plus Shaders/Materials/Textures/noise2.png
  artifactKey: Guid(fccc6818be225674382d96933708d421) Importer(815301076,1909f56bfc062723c751e8b465ee728b)
Start importing Assets/Import/Lahmadju/Imported Models/Ultimate 10 Plus Shaders/Materials/Textures/noise2.png using Guid(fccc6818be225674382d96933708d421) Importer(815301076,1909f56bfc062723c751e8b465ee728b) (PreviewImporter) -> (artifact id: '41a1856889af0ec55576c3f2b000561c') in 0.0252436 seconds
Number of updated asset objects reloaded before import = 0Number of asset objects unloaded after import = 2

========================================================================
Received Import Request.
  Time since last request: 12.893657 seconds.
  path: Assets/Import/Lahmadju/Imported Models/Ultimate 10 Plus Shaders/Scripts
  artifactKey: Guid(e0142fef22a3c1749b3d91d1d9bd0110) Importer(815301076,1909f56bfc062723c751e8b465ee728b)
Start importing Assets/Import/Lahmadju/Imported Models/Ultimate 10 Plus Shaders/Scripts using Guid(e0142fef22a3c1749b3d91d1d9bd0110) Importer(815301076,1909f56bfc062723c751e8b465ee728b) (PreviewImporter) -> (artifact id: '33e03065be7e26744d9cb340539c8cc4') in 0.0009817 seconds
Number of updated asset objects reloaded before import = 0Number of asset objects unloaded after import = 0

========================================================================
Received Prepare
Assembly reference Packages/com.unity.cinemachine/Editor/Samples/ExposeHDRPInternals/HDRP-Editor-ref.asmref has no target assembly definition
Assembly reference Packages/com.unity.cinemachine/Editor/Samples/ExposeHDRPInternals/HDRP-Editor-ref.asmref has no target assembly definition
Begin MonoManager ReloadAssembly
[Licensing::Client] Successfully resolved entitlement details
[Licensing::Module] License group:
  Id: F4-C7SA-D7MS-282S-YHFX-XXXX
  Product: Unity Personal
  Type: ULF
  Expiration: Unlimited
[Licensing::Module] License group:
  Id: 10170697332008-UnityPersXXXX
  Product: Unity Personal
  Type: Assigned
  Expiration: Unlimited
Duplicate assembly 'System.Collections.Immutable.FSR.dll' with different versions detected, using 'Assets/FastScriptReload/Plugins/Roslyn/2021+/System.Collections.Immutable.FSR.dll, AssemblyName=System.Collections.Immutable, Version=7.0.0.0, Culture=neutral, PublicKeyToken=b03f5f7f11d50a3a' and ignoring 'Assets/FastScriptReload/Plugins/Roslyn/System.Collections.Immutable.dll, AssemblyName=System.Collections.Immutable, Version=1.2.3.0, Culture=neutral, PublicKeyToken=b03f5f7f11d50a3a'.Duplicate assembly 'System.Collections.Immutable.FSR.dll' with different versions detected, using 'Assets/FastScriptReload/Plugins/Roslyn/2021+/System.Collections.Immutable.FSR.dll, AssemblyName=System.Collections.Immutable, Version=7.0.0.0, Culture=neutral, PublicKeyToken=b03f5f7f11d50a3a' and ignoring 'Assets/FastScriptReload/Plugins/Roslyn/2021+/System.Collections.Immutable.dll, AssemblyName=System.Collections.Immutable, Version=1.2.3.0, Culture=neutral, PublicKeyToken=b03f5f7f11d50a3a'.Duplicate assembly 'Microsoft.CodeAnalysis.CSharp.dll' with different versions detected, using 'Assets/FastScriptReload/Plugins/Roslyn/2021+/Microsoft.CodeAnalysis.CSharp.dll, AssemblyName=Microsoft.CodeAnalysis.CSharp, Version=4.6.0.0, Culture=neutral, PublicKeyToken=31bf3856ad364e35' and ignoring 'Assets/FastScriptReload/Plugins/Roslyn/Microsoft.CodeAnalysis.CSharp.dll, AssemblyName=Microsoft.CodeAnalysis.CSharp, Version=2.10.0.0, Culture=neutral, PublicKeyToken=31bf3856ad364e35'.Duplicate assembly 'System.Reflection.Metadata.dll' with different versions detected, using 'Assets/FastScriptReload/Plugins/Roslyn/2021+/System.Reflection.Metadata.dll, AssemblyName=System.Reflection.Metadata, Version=7.0.0.0, Culture=neutral, PublicKeyToken=b03f5f7f11d50a3a' and ignoring 'Assets/FastScriptReload/Plugins/Roslyn/System.Reflection.Metadata.dll, AssemblyName=System.Reflection.Metadata, Version=1.4.3.0, Culture=neutral, PublicKeyToken=b03f5f7f11d50a3a'.Duplicate assembly 'Microsoft.CodeAnalysis.dll' with different versions detected, using 'Assets/FastScriptReload/Plugins/Roslyn/2021+/Microsoft.CodeAnalysis.dll, AssemblyName=Microsoft.CodeAnalysis, Version=4.6.0.0, Culture=neutral, PublicKeyToken=31bf3856ad364e35' and ignoring 'Assets/FastScriptReload/Plugins/Roslyn/Microsoft.CodeAnalysis.dll, AssemblyName=Microsoft.CodeAnalysis, Version=2.10.0.0, Culture=neutral, PublicKeyToken=31bf3856ad364e35'.- Loaded All Assemblies, in  1.853 seconds
Assembly reference Packages/com.unity.cinemachine/Editor/Samples/ExposeHDRPInternals/HDRP-Editor-ref.asmref has no target assembly definition
'Packages/com.unity.cinemachine/Editor/Obsolete/CinemachineVirtualCameraBaseEditor.cs' contains partial class of Unity.Object, exactly 1 of the partial classes needs to be in a file with the same filename. This is to know the one that can be referenced from ie. GameObjects
'Packages/com.unity.cinemachine/Editor/Editors/CinemachineVirtualCameraBaseEditor.cs' contains partial class of Unity.Object, exactly 1 of the partial classes needs to be in a file with the same filename. This is to know the one that can be referenced from ie. GameObjects
Refreshing native plugins compatible for Editor in 1.48 ms, found 3 plugins.
Native extension for UWP target not found
Native extension for WindowsStandalone target not found
Assembly reference Packages/com.unity.cinemachine/Editor/Samples/ExposeHDRPInternals/HDRP-Editor-ref.asmref has no target assembly definition
[Package Manager] Failed to launch server process. Reason: Unity was launched with the -noUpm command-line argument
[Package Manager] Unable to send message (not connected to server process).
[Package Manager] Cannot connect to Unity Package Manager local server
[Package Manager] Failed to launch server process. Reason: Unity was launched with the -noUpm command-line argument
[Package Manager] Unable to send message (not connected to server process).
[Package Manager] Cannot connect to Unity Package Manager local server
ScheduleIndexationOnStartup MainProcess:False IndexOnStartup:True
Mono: successfully reloaded assembly
- Finished resetting the current domain, in  2.113 seconds
Domain Reload Profiling: 3968ms
	BeginReloadAssembly (511ms)
		ExecutionOrderSort (0ms)
		DisableScriptedObjects (24ms)
		BackupInstance (0ms)
		ReleaseScriptingObjects (0ms)
		CreateAndSetChildDomain (108ms)
	RebuildCommonClasses (63ms)
	RebuildNativeTypeToScriptingClass (24ms)
	initialDomainReloadingComplete (94ms)
	LoadAllAssembliesAndSetupDomain (1162ms)
		LoadAssemblies (923ms)
		RebuildTransferFunctionScriptingTraits (0ms)
		AnalyzeDomain (475ms)
			TypeCache.Refresh (10ms)
				TypeCache.ScanAssembly (0ms)
			BuildScriptInfoCaches (430ms)
			ResolveRequiredComponents (27ms)
	FinalizeReload (2114ms)
		ReleaseScriptCaches (0ms)
		RebuildScriptCaches (0ms)
		SetupLoadedEditorAssemblies (1816ms)
			LogAssemblyErrors (0ms)
			InitializePlatformSupportModulesInManaged (3ms)
			SetLoadedEditorAssemblies (10ms)
			BeforeProcessingInitializeOnLoad (384ms)
			ProcessInitializeOnLoadAttributes (1289ms)
			ProcessInitializeOnLoadMethodAttributes (125ms)
			AfterProcessingInitializeOnLoad (4ms)
			EditorAssembliesLoaded (0ms)
		ExecutionOrderSort2 (0ms)
		AwakeInstancesAfterBackupRestoration (30ms)
Refreshing native plugins compatible for Editor in 1.63 ms, found 3 plugins.
Preloading 0 native plugins for Editor in 0.00 ms.
Unloading 29 Unused Serialized files (Serialized files now loaded: 0)
Unloading 7074 unused Assets / (12.5 MB). Loaded Objects now: 7922.
Memory consumption went from 170.3 MB to 157.8 MB.
Total: 20.185600 ms (FindLiveObjects: 1.081800 ms CreateObjectMapping: 0.846400 ms MarkObjects: 8.336200 ms  DeleteObjects: 9.919400 ms)

Prepare: number of updated asset objects reloaded= 2
========================================================================
Received Import Request.
  Time since last request: 106.472326 seconds.
  path: Assets/Ultimate 10 Plus Shaders/Shaders
  artifactKey: Guid(7abb74942295fc244bdfe8bb8236881d) Importer(815301076,1909f56bfc062723c751e8b465ee728b)
Start importing Assets/Ultimate 10 Plus Shaders/Shaders using Guid(7abb74942295fc244bdfe8bb8236881d) Importer(815301076,1909f56bfc062723c751e8b465ee728b) (PreviewImporter) -> (artifact id: '2833e1dbd6e0d1ef5cd5a8c93996eeb5') in 0.0109183 seconds
Number of updated asset objects reloaded before import = 0Number of asset objects unloaded after import = 0

========================================================================
Received Import Request.
  Time since last request: 0.526140 seconds.
  path: Assets/Ultimate 10 Plus Shaders/Scenes
  artifactKey: Guid(f3ac088460f7c7844bb654adcda08e27) Importer(815301076,1909f56bfc062723c751e8b465ee728b)
Start importing Assets/Ultimate 10 Plus Shaders/Scenes using Guid(f3ac088460f7c7844bb654adcda08e27) Importer(815301076,1909f56bfc062723c751e8b465ee728b) (PreviewImporter) -> (artifact id: '2d43fded63bb44067c5538dde2981147') in 0.0007123 seconds
Number of updated asset objects reloaded before import = 0Number of asset objects unloaded after import = 0

========================================================================
Received Import Request.
  Time since last request: 3.447926 seconds.
  path: Assets/Ultimate 10 Plus Shaders/Scenes/Review.unity
  artifactKey: Guid(fe4b45bbd0417ff44a3896ee8d522a48) Importer(815301076,1909f56bfc062723c751e8b465ee728b)
Start importing Assets/Ultimate 10 Plus Shaders/Scenes/Review.unity using Guid(fe4b45bbd0417ff44a3896ee8d522a48) Importer(815301076,1909f56bfc062723c751e8b465ee728b) (PreviewImporter) -> (artifact id: '4c14730b92f3e857c008541bb3a79b39') in 0.0007715 seconds
Number of updated asset objects reloaded before import = 0Number of asset objects unloaded after import = 0

========================================================================
Received Import Request.
  Time since last request: 4.049164 seconds.
  path: Assets/Ultimate 10 Plus Shaders/Scenes/Review_Profiles
  artifactKey: Guid(f8bc6749e44ec3442815b4ddff93026e) Importer(815301076,1909f56bfc062723c751e8b465ee728b)
Start importing Assets/Ultimate 10 Plus Shaders/Scenes/Review_Profiles using Guid(f8bc6749e44ec3442815b4ddff93026e) Importer(815301076,1909f56bfc062723c751e8b465ee728b) (PreviewImporter) -> (artifact id: 'df8fdbb69cca62b200dbba27a35deed5') in 0.0006817 seconds
Number of updated asset objects reloaded before import = 0Number of asset objects unloaded after import = 0

========================================================================
Received Import Request.
  Time since last request: 0.403486 seconds.
  path: Assets/Ultimate 10 Plus Shaders/Scenes/Review
  artifactKey: Guid(43b60d8d976a0f14b847d510487860e9) Importer(815301076,1909f56bfc062723c751e8b465ee728b)
Start importing Assets/Ultimate 10 Plus Shaders/Scenes/Review using Guid(43b60d8d976a0f14b847d510487860e9) Importer(815301076,1909f56bfc062723c751e8b465ee728b) (PreviewImporter) -> (artifact id: '3eaea0e1350dc3240f8b5800440f95c7') in 0.000777 seconds
Number of updated asset objects reloaded before import = 0Number of asset objects unloaded after import = 0

========================================================================
Received Import Request.
  Time since last request: 8.346035 seconds.
  path: Assets/Ultimate 10 Plus Shaders/Materials/Unique
  artifactKey: Guid(837e39c55929ceb48b2f4e4d3694e257) Importer(815301076,1909f56bfc062723c751e8b465ee728b)
Start importing Assets/Ultimate 10 Plus Shaders/Materials/Unique using Guid(837e39c55929ceb48b2f4e4d3694e257) Importer(815301076,1909f56bfc062723c751e8b465ee728b) (PreviewImporter) -> (artifact id: '139a7a8acc9d6872e987b45726cd5407') in 0.0007028 seconds
Number of updated asset objects reloaded before import = 0Number of asset objects unloaded after import = 0

========================================================================
Received Import Request.
  Time since last request: 1.422816 seconds.
  path: Assets/Ultimate 10 Plus Shaders/Materials/Textures/noise1.png
  artifactKey: Guid(39a00f3a4d887cc448b5d165b19938eb) Importer(815301076,1909f56bfc062723c751e8b465ee728b)
Start importing Assets/Ultimate 10 Plus Shaders/Materials/Textures/noise1.png using Guid(39a00f3a4d887cc448b5d165b19938eb) Importer(815301076,1909f56bfc062723c751e8b465ee728b) (PreviewImporter) -> (artifact id: '31ae3d1d0481dc23b23bfe1b22bf15f0') in 0.0797156 seconds
Number of updated asset objects reloaded before import = 0Number of asset objects unloaded after import = 2

========================================================================
Received Import Request.
  Time since last request: 0.256695 seconds.
  path: Assets/Ultimate 10 Plus Shaders/Materials/Textures/hexagon_grid.png
  artifactKey: Guid(e61a550a7ddc3304fbfe0a01919efe9c) Importer(815301076,1909f56bfc062723c751e8b465ee728b)
Start importing Assets/Ultimate 10 Plus Shaders/Materials/Textures/hexagon_grid.png using Guid(e61a550a7ddc3304fbfe0a01919efe9c) Importer(815301076,1909f56bfc062723c751e8b465ee728b) (PreviewImporter) -> (artifact id: 'c46f03359dc803530d8a5f933611a2fa') in 0.0405814 seconds
Number of updated asset objects reloaded before import = 0Number of asset objects unloaded after import = 3

========================================================================
Received Import Request.
  Time since last request: 0.820048 seconds.
  path: Assets/Ultimate 10 Plus Shaders/Materials/Textures/Rock1.tif
  artifactKey: Guid(d0692a948ca573d4cb0b93ffb1c8a033) Importer(815301076,1909f56bfc062723c751e8b465ee728b)
Start importing Assets/Ultimate 10 Plus Shaders/Materials/Textures/Rock1.tif using Guid(d0692a948ca573d4cb0b93ffb1c8a033) Importer(815301076,1909f56bfc062723c751e8b465ee728b) (PreviewImporter) -> (artifact id: 'b0cd3ec9730aed98307ceb3ef6362216') in 0.013746 seconds
Number of updated asset objects reloaded before import = 0Number of asset objects unloaded after import = 2

========================================================================
Received Import Request.
  Time since last request: 10.581415 seconds.
  path: Assets/Ultimate 10 Plus Shaders/Materials/Unique/Depth Mask Edge Detection.mat
  artifactKey: Guid(2f061bfba2b77e54685a046a3d6fa766) Importer(2089858483,b0f066a214c2f5e87bad3c948f4d605d)
Start importing Assets/Ultimate 10 Plus Shaders/Materials/Unique/Depth Mask Edge Detection.mat using Guid(2f061bfba2b77e54685a046a3d6fa766) Importer(2089858483,b0f066a214c2f5e87bad3c948f4d605d) (ScriptedImporter) -> (artifact id: '6b911c485b6cebf4c1f63ffef313e4a5') in 0.1135609 seconds
Number of updated asset objects reloaded before import = 0Number of asset objects unloaded after import = 2

========================================================================
Received Import Request.
  Time since last request: 0.276487 seconds.
  path: Assets/Ultimate 10 Plus Shaders/Materials/Textures/noise1.png
  artifactKey: Guid(39a00f3a4d887cc448b5d165b19938eb) Importer(2089858483,b0f066a214c2f5e87bad3c948f4d605d)
Start importing Assets/Ultimate 10 Plus Shaders/Materials/Textures/noise1.png using Guid(39a00f3a4d887cc448b5d165b19938eb) Importer(2089858483,b0f066a214c2f5e87bad3c948f4d605d) (ScriptedImporter) -> (artifact id: '99fa747415f2c70a2cb462f5e099c307') in 0.113582 seconds
Number of updated asset objects reloaded before import = 0Number of asset objects unloaded after import = 1

========================================================================
Received Import Request.
  Time since last request: 0.000028 seconds.
  path: Assets/Ultimate 10 Plus Shaders/Materials/Wall.mat
  artifactKey: Guid(9e99abfebf0c4054982ac126319dd89f) Importer(2089858483,b0f066a214c2f5e87bad3c948f4d605d)
Start importing Assets/Ultimate 10 Plus Shaders/Materials/Wall.mat using Guid(9e99abfebf0c4054982ac126319dd89f) Importer(2089858483,b0f066a214c2f5e87bad3c948f4d605d) (ScriptedImporter) -> (artifact id: '0a63c284bbe1a7415bd37c9459ce5dd0') in 0.0268993 seconds
Number of updated asset objects reloaded before import = 0Number of asset objects unloaded after import = 2

========================================================================
Received Import Request.
  Time since last request: 0.206315 seconds.
  path: Assets/Ultimate 10 Plus Shaders/Shaders/Grass Sway.shader
  artifactKey: Guid(a15eddaf83eb0bb40804b6d17af6f3df) Importer(2089858483,b0f066a214c2f5e87bad3c948f4d605d)
Start importing Assets/Ultimate 10 Plus Shaders/Shaders/Grass Sway.shader using Guid(a15eddaf83eb0bb40804b6d17af6f3df) Importer(2089858483,b0f066a214c2f5e87bad3c948f4d605d) (ScriptedImporter) -> (artifact id: '8e6e8b5c6813567038a423a696d0997f') in 0.0205708 seconds
Number of updated asset objects reloaded before import = 0Number of asset objects unloaded after import = 1

========================================================================
Received Import Request.
  Time since last request: 0.000023 seconds.
  path: Assets/Ultimate 10 Plus Shaders/Materials/Unique/Simple Sine Wave.mat
  artifactKey: Guid(d805d893cc3762c4897567e3cd4db4cc) Importer(2089858483,b0f066a214c2f5e87bad3c948f4d605d)
Start importing Assets/Ultimate 10 Plus Shaders/Materials/Unique/Simple Sine Wave.mat using Guid(d805d893cc3762c4897567e3cd4db4cc) Importer(2089858483,b0f066a214c2f5e87bad3c948f4d605d) (ScriptedImporter) -> (artifact id: 'e50ce6848bd517cc323e9f2ae3d4f284') in 0.1101554 seconds
Number of updated asset objects reloaded before import = 0Number of asset objects unloaded after import = 3

========================================================================
Received Import Request.
  Time since last request: 0.000037 seconds.
  path: Assets/Ultimate 10 Plus Shaders/Scenes/Review/Lightmap-0_comp_shadowmask.png
  artifactKey: Guid(ca6261520a6173b4d8337deccdbd2cb2) Importer(2089858483,b0f066a214c2f5e87bad3c948f4d605d)
Start importing Assets/Ultimate 10 Plus Shaders/Scenes/Review/Lightmap-0_comp_shadowmask.png using Guid(ca6261520a6173b4d8337deccdbd2cb2) Importer(2089858483,b0f066a214c2f5e87bad3c948f4d605d) (ScriptedImporter) -> (artifact id: 'e486e1c3a8ea0eb6b2091c4a3f2cd780') in 0.0262495 seconds
Number of updated asset objects reloaded before import = 0Number of asset objects unloaded after import = 1

========================================================================
Received Import Request.
  Time since last request: 0.000036 seconds.
  path: Assets/Import/Lahmadju/Imported Models/Ultimate 10 Plus Shaders/Scripts/U10PS_MouseRotation.cs
  artifactKey: Guid(6db07a3b916f86a4e9832cf33f354573) Importer(2089858483,b0f066a214c2f5e87bad3c948f4d605d)
Start importing Assets/Import/Lahmadju/Imported Models/Ultimate 10 Plus Shaders/Scripts/U10PS_MouseRotation.cs using Guid(6db07a3b916f86a4e9832cf33f354573) Importer(2089858483,b0f066a214c2f5e87bad3c948f4d605d) (ScriptedImporter) -> (artifact id: '38d49e53a5ac10d8814b8548cbdb34f0') in 0.025971 seconds
Number of updated asset objects reloaded before import = 0Number of asset objects unloaded after import = 0

========================================================================
Received Import Request.
  Time since last request: 0.000025 seconds.
  path: Assets/Ultimate 10 Plus Shaders/Scenes/Review/ReflectionProbe-0.exr
  artifactKey: Guid(c142d76881c29474abb3e38b3fd19c00) Importer(2089858483,b0f066a214c2f5e87bad3c948f4d605d)
Start importing Assets/Ultimate 10 Plus Shaders/Scenes/Review/ReflectionProbe-0.exr using Guid(c142d76881c29474abb3e38b3fd19c00) Importer(2089858483,b0f066a214c2f5e87bad3c948f4d605d) (ScriptedImporter) -> (artifact id: 'e22ace88153c5ba41b6834418d934e7c') in 0.0307195 seconds
Number of updated asset objects reloaded before import = 0Number of asset objects unloaded after import = 1

========================================================================
Received Import Request.
  Time since last request: 0.000029 seconds.
  path: Assets/Ultimate 10 Plus Shaders/arial.ttf
  artifactKey: Guid(19ecd568395677d498b8dd3cbfc47142) Importer(2089858483,b0f066a214c2f5e87bad3c948f4d605d)
Start importing Assets/Ultimate 10 Plus Shaders/arial.ttf using Guid(19ecd568395677d498b8dd3cbfc47142) Importer(2089858483,b0f066a214c2f5e87bad3c948f4d605d) (ScriptedImporter) -> (artifact id: 'a333e1de30222983ac14d7c1225de1f5') in 0.0336204 seconds
Number of updated asset objects reloaded before import = 0Number of asset objects unloaded after import = 3

========================================================================
Received Import Request.
  Time since last request: 0.000043 seconds.
  path: Assets/Import/Lahmadju/Imported Models/Ultimate 10 Plus Shaders/Scripts/U10PS_DissolveOverTime.cs
  artifactKey: Guid(6b1400b7a7b74b3438a843bb97c82f50) Importer(2089858483,b0f066a214c2f5e87bad3c948f4d605d)
Start importing Assets/Import/Lahmadju/Imported Models/Ultimate 10 Plus Shaders/Scripts/U10PS_DissolveOverTime.cs using Guid(6b1400b7a7b74b3438a843bb97c82f50) Importer(2089858483,b0f066a214c2f5e87bad3c948f4d605d) (ScriptedImporter) -> (artifact id: 'b7f9315d8f27646c7516ab71029094cc') in 0.0100615 seconds
Number of updated asset objects reloaded before import = 0Number of asset objects unloaded after import = 0

========================================================================
Received Import Request.
  Time since last request: 0.000022 seconds.
  path: Assets/Ultimate 10 Plus Shaders/Scenes/Review/Lightmap-0_comp_light.exr
  artifactKey: Guid(c2b032cce1497964b84dfeb139c2023b) Importer(2089858483,b0f066a214c2f5e87bad3c948f4d605d)
Start importing Assets/Ultimate 10 Plus Shaders/Scenes/Review/Lightmap-0_comp_light.exr using Guid(c2b032cce1497964b84dfeb139c2023b) Importer(2089858483,b0f066a214c2f5e87bad3c948f4d605d) (ScriptedImporter) -> (artifact id: '1c79ba98bbf452ef8995a32505f004ae') in 0.0272377 seconds
Number of updated asset objects reloaded before import = 0Number of asset objects unloaded after import = 1

========================================================================
Received Import Request.
  Time since last request: 0.000024 seconds.
  path: Assets/Import/Lahmadju/Imported Models/Ultimate 10 Plus Shaders/Shaders/Force Field.shader
  artifactKey: Guid(2bffc50af4b1ff34cb151aa15bb9edb4) Importer(2089858483,b0f066a214c2f5e87bad3c948f4d605d)
Start importing Assets/Import/Lahmadju/Imported Models/Ultimate 10 Plus Shaders/Shaders/Force Field.shader using Guid(2bffc50af4b1ff34cb151aa15bb9edb4) Importer(2089858483,b0f066a214c2f5e87bad3c948f4d605d) (ScriptedImporter) -> (artifact id: 'f6423bb3fcd902f7606018ec4e4361c9') in 0.0122108 seconds
Number of updated asset objects reloaded before import = 0Number of asset objects unloaded after import = 1

========================================================================
Received Import Request.
  Time since last request: 0.000031 seconds.
  path: Assets/Ultimate 10 Plus Shaders/Materials/Unique/Plasma (1).mat
  artifactKey: Guid(07553007ceddacc47bac6a131f3dc619) Importer(2089858483,b0f066a214c2f5e87bad3c948f4d605d)
Start importing Assets/Ultimate 10 Plus Shaders/Materials/Unique/Plasma (1).mat using Guid(07553007ceddacc47bac6a131f3dc619) Importer(2089858483,b0f066a214c2f5e87bad3c948f4d605d) (ScriptedImporter) -> (artifact id: 'ecc21f3f8a5dd725ef2b014880182012') in 0.030322 seconds
Number of updated asset objects reloaded before import = 0Number of asset objects unloaded after import = 5

========================================================================
Received Import Request.
  Time since last request: 0.000039 seconds.
  path: Assets/Ultimate 10 Plus Shaders/Materials/Unique/Ocean (1).mat
  artifactKey: Guid(ee0ab92234b477d4d8838ca4754e7222) Importer(2089858483,b0f066a214c2f5e87bad3c948f4d605d)
Start importing Assets/Ultimate 10 Plus Shaders/Materials/Unique/Ocean (1).mat using Guid(ee0ab92234b477d4d8838ca4754e7222) Importer(2089858483,b0f066a214c2f5e87bad3c948f4d605d) (ScriptedImporter) -> (artifact id: '5d6ea2ccb1c34b48b4948a16a46b2ad2') in 0.0239847 seconds
Number of updated asset objects reloaded before import = 0Number of asset objects unloaded after import = 1

========================================================================
Received Import Request.
  Time since last request: 0.000026 seconds.
  path: Assets/Ultimate 10 Plus Shaders/Shaders/Edge Detection.shader
  artifactKey: Guid(211b73cf71b1f6a48aa152214d4a886d) Importer(2089858483,b0f066a214c2f5e87bad3c948f4d605d)
Start importing Assets/Ultimate 10 Plus Shaders/Shaders/Edge Detection.shader using Guid(211b73cf71b1f6a48aa152214d4a886d) Importer(2089858483,b0f066a214c2f5e87bad3c948f4d605d) (ScriptedImporter) -> (artifact id: 'a71a052475798e621662fdc9aa350338') in 0.0125253 seconds
Number of updated asset objects reloaded before import = 0Number of asset objects unloaded after import = 1

========================================================================
Received Import Request.
  Time since last request: 0.000021 seconds.
  path: Assets/Ultimate 10 Plus Shaders/Shaders/Simple Sine Wave.shader
  artifactKey: Guid(5e366272114d7d541bdf3e04c3a79d20) Importer(2089858483,b0f066a214c2f5e87bad3c948f4d605d)
Start importing Assets/Ultimate 10 Plus Shaders/Shaders/Simple Sine Wave.shader using Guid(5e366272114d7d541bdf3e04c3a79d20) Importer(2089858483,b0f066a214c2f5e87bad3c948f4d605d) (ScriptedImporter) -> (artifact id: '69103dab6cedb0c0762cfdeac6f47fa7') in 0.0151306 seconds
Number of updated asset objects reloaded before import = 0Number of asset objects unloaded after import = 1

========================================================================
Received Import Request.
  Time since last request: 0.000036 seconds.
  path: Assets/Ultimate 10 Plus Shaders/Materials/Textures/grass_albedo.tga
  artifactKey: Guid(f6955516f548167498290fa4664c015c) Importer(2089858483,b0f066a214c2f5e87bad3c948f4d605d)
Start importing Assets/Ultimate 10 Plus Shaders/Materials/Textures/grass_albedo.tga using Guid(f6955516f548167498290fa4664c015c) Importer(2089858483,b0f066a214c2f5e87bad3c948f4d605d) (ScriptedImporter) -> (artifact id: '900e8c470d86fbae69bf83df68b47bc4') in 0.0279844 seconds
Number of updated asset objects reloaded before import = 0Number of asset objects unloaded after import = 1

========================================================================
Received Import Request.
  Time since last request: 0.000038 seconds.
  path: Assets/Ultimate 10 Plus Shaders/Scenes
  artifactKey: Guid(f3ac088460f7c7844bb654adcda08e27) Importer(2089858483,b0f066a214c2f5e87bad3c948f4d605d)
Start importing Assets/Ultimate 10 Plus Shaders/Scenes using Guid(f3ac088460f7c7844bb654adcda08e27) Importer(2089858483,b0f066a214c2f5e87bad3c948f4d605d) (ScriptedImporter) -> (artifact id: '857c3fbe07c9637495bb2c5abd8c5974') in 0.008055 seconds
Number of updated asset objects reloaded before import = 0Number of asset objects unloaded after import = 1

========================================================================
Received Import Request.
  Time since last request: 0.000025 seconds.
  path: Assets/Import/Lahmadju/Imported Models/Ultimate 10 Plus Shaders/Materials/Unique/Ocean (2).mat
  artifactKey: Guid(968fcec20967a054686ff70bde994f21) Importer(2089858483,b0f066a214c2f5e87bad3c948f4d605d)
Start importing Assets/Import/Lahmadju/Imported Models/Ultimate 10 Plus Shaders/Materials/Unique/Ocean (2).mat using Guid(968fcec20967a054686ff70bde994f21) Importer(2089858483,b0f066a214c2f5e87bad3c948f4d605d) (ScriptedImporter) -> (artifact id: 'e086698d731067c14d32b6ee648191ce') in 0.0208007 seconds
Number of updated asset objects reloaded before import = 0Number of asset objects unloaded after import = 3

========================================================================
Received Import Request.
  Time since last request: 0.000027 seconds.
  path: Assets/Ultimate 10 Plus Shaders/Materials/Unique/Plasma (2).mat
  artifactKey: Guid(976b31720675c1a47be763ebf89dc566) Importer(2089858483,b0f066a214c2f5e87bad3c948f4d605d)
Start importing Assets/Ultimate 10 Plus Shaders/Materials/Unique/Plasma (2).mat using Guid(976b31720675c1a47be763ebf89dc566) Importer(2089858483,b0f066a214c2f5e87bad3c948f4d605d) (ScriptedImporter) -> (artifact id: '94ade647698e43b9d29e9167397a03f3') in 0.0185153 seconds
Number of updated asset objects reloaded before import = 0Number of asset objects unloaded after import = 5

========================================================================
Received Import Request.
  Time since last request: 0.000034 seconds.
  path: Assets/Ultimate 10 Plus Shaders/Materials/Textures/noise1_normal.png
  artifactKey: Guid(d2eac888094a652429c634df007d9ad9) Importer(2089858483,b0f066a214c2f5e87bad3c948f4d605d)
Start importing Assets/Ultimate 10 Plus Shaders/Materials/Textures/noise1_normal.png using Guid(d2eac888094a652429c634df007d9ad9) Importer(2089858483,b0f066a214c2f5e87bad3c948f4d605d) (ScriptedImporter) -> (artifact id: '88946d5c9c9dd24805b6c3f9c5bb652c') in 0.0228962 seconds
Number of updated asset objects reloaded before import = 0Number of asset objects unloaded after import = 1

========================================================================
Received Import Request.
  Time since last request: 0.000036 seconds.
  path: Assets/Ultimate 10 Plus Shaders/Scenes/Review/LightingData.asset
  artifactKey: Guid(7ff8a60da0b3a13419766837131586da) Importer(2089858483,b0f066a214c2f5e87bad3c948f4d605d)
Start importing Assets/Ultimate 10 Plus Shaders/Scenes/Review/LightingData.asset using Guid(7ff8a60da0b3a13419766837131586da) Importer(2089858483,b0f066a214c2f5e87bad3c948f4d605d) (ScriptedImporter) -> (artifact id: '9880e85c24770293d9d947347a2b8631') in 0.014777 seconds
Number of updated asset objects reloaded before import = 0Number of asset objects unloaded after import = 2

========================================================================
Received Import Request.
  Time since last request: 0.000021 seconds.
  path: Assets/Ultimate 10 Plus Shaders/Scenes/Review/Lightmap-0_comp_dir.png
  artifactKey: Guid(4b4607cbd6e801646b704e4fb44ac8c7) Importer(2089858483,b0f066a214c2f5e87bad3c948f4d605d)
Start importing Assets/Ultimate 10 Plus Shaders/Scenes/Review/Lightmap-0_comp_dir.png using Guid(4b4607cbd6e801646b704e4fb44ac8c7) Importer(2089858483,b0f066a214c2f5e87bad3c948f4d605d) (ScriptedImporter) -> (artifact id: '30d079bcce1c24b690543b31ad009626') in 0.0236075 seconds
Number of updated asset objects reloaded before import = 0Number of asset objects unloaded after import = 1

========================================================================
Received Import Request.
  Time since last request: 0.000023 seconds.
  path: Assets/Ultimate 10 Plus Shaders/Materials/Unique/Blur.mat
  artifactKey: Guid(15a2e8dcee4efbe4aa2ea0e37ccde455) Importer(2089858483,b0f066a214c2f5e87bad3c948f4d605d)
Start importing Assets/Ultimate 10 Plus Shaders/Materials/Unique/Blur.mat using Guid(15a2e8dcee4efbe4aa2ea0e37ccde455) Importer(2089858483,b0f066a214c2f5e87bad3c948f4d605d) (ScriptedImporter) -> (artifact id: 'fb87eaaf88d368921d4840751967e7b0') in 0.0107884 seconds
Number of updated asset objects reloaded before import = 0Number of asset objects unloaded after import = 2

========================================================================
Received Import Request.
  Time since last request: 0.000030 seconds.
  path: Assets/Import/Lahmadju/Imported Models/Ultimate 10 Plus Shaders/Materials/Unique/Force Field.mat
  artifactKey: Guid(32a76832b79e84347ad9df08b12709c3) Importer(2089858483,b0f066a214c2f5e87bad3c948f4d605d)
Start importing Assets/Import/Lahmadju/Imported Models/Ultimate 10 Plus Shaders/Materials/Unique/Force Field.mat using Guid(32a76832b79e84347ad9df08b12709c3) Importer(2089858483,b0f066a214c2f5e87bad3c948f4d605d) (ScriptedImporter) -> (artifact id: '9f9ca75905605c1376361d90d5430d79') in 0.0120987 seconds
Number of updated asset objects reloaded before import = 0Number of asset objects unloaded after import = 2

========================================================================
Received Import Request.
  Time since last request: 0.000037 seconds.
  path: Assets/Ultimate 10 Plus Shaders/README.pdf
  artifactKey: Guid(4b4dff407bfa225469c91d5fc2e8be5d) Importer(2089858483,b0f066a214c2f5e87bad3c948f4d605d)
Start importing Assets/Ultimate 10 Plus Shaders/README.pdf using Guid(4b4dff407bfa225469c91d5fc2e8be5d) Importer(2089858483,b0f066a214c2f5e87bad3c948f4d605d) (ScriptedImporter) -> (artifact id: 'd5d2b2429b2b977f09bd1a4cd32d8fb3') in 0.0070994 seconds
Number of updated asset objects reloaded before import = 0Number of asset objects unloaded after import = 1

========================================================================
Received Import Request.
  Time since last request: 0.000021 seconds.
  path: Assets/Ultimate 10 Plus Shaders/Scenes/Review/ReflectionProbe-1.exr
  artifactKey: Guid(d04432a5637999647b22ce2782c0863b) Importer(2089858483,b0f066a214c2f5e87bad3c948f4d605d)
Start importing Assets/Ultimate 10 Plus Shaders/Scenes/Review/ReflectionProbe-1.exr using Guid(d04432a5637999647b22ce2782c0863b) Importer(2089858483,b0f066a214c2f5e87bad3c948f4d605d) (ScriptedImporter) -> (artifact id: '152cbd27988116116800709187ee7a8c') in 0.0199376 seconds
Number of updated asset objects reloaded before import = 0Number of asset objects unloaded after import = 1

========================================================================
Received Import Request.
  Time since last request: 0.000020 seconds.
  path: Assets/Ultimate 10 Plus Shaders/3D Models
  artifactKey: Guid(71999ee7a97214645a9f2eef1fa186c2) Importer(2089858483,b0f066a214c2f5e87bad3c948f4d605d)
Start importing Assets/Ultimate 10 Plus Shaders/3D Models using Guid(71999ee7a97214645a9f2eef1fa186c2) Importer(2089858483,b0f066a214c2f5e87bad3c948f4d605d) (ScriptedImporter) -> (artifact id: 'db6e6293054519af8fd0c7b605de50b3') in 0.0076047 seconds
Number of updated asset objects reloaded before import = 0Number of asset objects unloaded after import = 1

========================================================================
Received Import Request.
  Time since last request: 0.000025 seconds.
  path: Assets/Ultimate 10 Plus Shaders/Materials/Unique/Grass Sway.mat
  artifactKey: Guid(20ca572045947d549ae0a17175b809d5) Importer(2089858483,b0f066a214c2f5e87bad3c948f4d605d)
Start importing Assets/Ultimate 10 Plus Shaders/Materials/Unique/Grass Sway.mat using Guid(20ca572045947d549ae0a17175b809d5) Importer(2089858483,b0f066a214c2f5e87bad3c948f4d605d) (ScriptedImporter) -> (artifact id: '7532eeba9e86a4889d6cea0ab0d8eee1') in 0.1214694 seconds
Number of updated asset objects reloaded before import = 0Number of asset objects unloaded after import = 4

========================================================================
Received Import Request.
  Time since last request: 0.000043 seconds.
  path: Assets/Ultimate 10 Plus Shaders/Materials/Textures/hologram_lines.png
  artifactKey: Guid(1a41c3e209ba51c4fbb25b4d4613c183) Importer(2089858483,b0f066a214c2f5e87bad3c948f4d605d)
Start importing Assets/Ultimate 10 Plus Shaders/Materials/Textures/hologram_lines.png using Guid(1a41c3e209ba51c4fbb25b4d4613c183) Importer(2089858483,b0f066a214c2f5e87bad3c948f4d605d) (ScriptedImporter) -> (artifact id: '2cd5802ec28aa7c9a5849c34ca2b9642') in 0.0233844 seconds
Number of updated asset objects reloaded before import = 0Number of asset objects unloaded after import = 1

========================================================================
Received Import Request.
  Time since last request: 0.000023 seconds.
  path: Assets/Ultimate 10 Plus Shaders/Scenes/Review.unity
  artifactKey: Guid(fe4b45bbd0417ff44a3896ee8d522a48) Importer(2089858483,b0f066a214c2f5e87bad3c948f4d605d)
Start importing Assets/Ultimate 10 Plus Shaders/Scenes/Review.unity using Guid(fe4b45bbd0417ff44a3896ee8d522a48) Importer(2089858483,b0f066a214c2f5e87bad3c948f4d605d) (ScriptedImporter) -> (artifact id: '55b754ca5d316593b50a854e9f82039b') in 0.0199293 seconds
Number of updated asset objects reloaded before import = 0Number of asset objects unloaded after import = 1

========================================================================
Received Import Request.
  Time since last request: 0.000021 seconds.
  path: Assets/Ultimate 10 Plus Shaders/Materials/Textures/prototype_512x512_grey4.png
  artifactKey: Guid(ed0c2c8a99e92e14ba740ac8aa428288) Importer(2089858483,b0f066a214c2f5e87bad3c948f4d605d)
Start importing Assets/Ultimate 10 Plus Shaders/Materials/Textures/prototype_512x512_grey4.png using Guid(ed0c2c8a99e92e14ba740ac8aa428288) Importer(2089858483,b0f066a214c2f5e87bad3c948f4d605d) (ScriptedImporter) -> (artifact id: 'e7116ef908134ca0af548e7076ca255f') in 0.0255258 seconds
Number of updated asset objects reloaded before import = 0Number of asset objects unloaded after import = 1

========================================================================
Received Import Request.
  Time since last request: 0.000034 seconds.
  path: Assets/Ultimate 10 Plus Shaders/Scenes/Review/Lightmap-1_comp_light.exr
  artifactKey: Guid(09afb46be1592ea478d06386f06118ad) Importer(2089858483,b0f066a214c2f5e87bad3c948f4d605d)
Start importing Assets/Ultimate 10 Plus Shaders/Scenes/Review/Lightmap-1_comp_light.exr using Guid(09afb46be1592ea478d06386f06118ad) Importer(2089858483,b0f066a214c2f5e87bad3c948f4d605d) (ScriptedImporter) -> (artifact id: '754c019fceaa4206a0316301dcc6c8a7') in 0.0288616 seconds
Number of updated asset objects reloaded before import = 0Number of asset objects unloaded after import = 1

========================================================================
Received Import Request.
  Time since last request: 0.000040 seconds.
  path: Assets/Ultimate 10 Plus Shaders
  artifactKey: Guid(3a7a229f786a7a04da454f3771587e98) Importer(2089858483,b0f066a214c2f5e87bad3c948f4d605d)
Start importing Assets/Ultimate 10 Plus Shaders using Guid(3a7a229f786a7a04da454f3771587e98) Importer(2089858483,b0f066a214c2f5e87bad3c948f4d605d) (ScriptedImporter) -> (artifact id: '55ed6e883e7468ff130596dbc97d27c6') in 0.0079663 seconds
Number of updated asset objects reloaded before import = 0Number of asset objects unloaded after import = 1

========================================================================
Received Import Request.
  Time since last request: 0.000020 seconds.
  path: Assets/Ultimate 10 Plus Shaders/Shaders/Snow.shader
  artifactKey: Guid(8ab8c471adfe2654686be846e61fa1a2) Importer(2089858483,b0f066a214c2f5e87bad3c948f4d605d)
Start importing Assets/Ultimate 10 Plus Shaders/Shaders/Snow.shader using Guid(8ab8c471adfe2654686be846e61fa1a2) Importer(2089858483,b0f066a214c2f5e87bad3c948f4d605d) (ScriptedImporter) -> (artifact id: '64aacb5f25b71f7ad98c83fab0424608') in 0.0143489 seconds
Number of updated asset objects reloaded before import = 0Number of asset objects unloaded after import = 1

========================================================================
Received Import Request.
  Time since last request: 0.000021 seconds.
  path: Assets/Ultimate 10 Plus Shaders/Scenes/Review_Profiles
  artifactKey: Guid(f8bc6749e44ec3442815b4ddff93026e) Importer(2089858483,b0f066a214c2f5e87bad3c948f4d605d)
Start importing Assets/Ultimate 10 Plus Shaders/Scenes/Review_Profiles using Guid(f8bc6749e44ec3442815b4ddff93026e) Importer(2089858483,b0f066a214c2f5e87bad3c948f4d605d) (ScriptedImporter) -> (artifact id: 'c1bf9bd2f7756ef291e3287e088c04c9') in 0.0079695 seconds
Number of updated asset objects reloaded before import = 0Number of asset objects unloaded after import = 1

========================================================================
Received Import Request.
  Time since last request: 0.000026 seconds.
  path: Assets/Ultimate 10 Plus Shaders/Scenes/Review/Lightmap-1_comp_dir.png
  artifactKey: Guid(30a01b46a42b3d940a62c9aa9ce9cc68) Importer(2089858483,b0f066a214c2f5e87bad3c948f4d605d)
Start importing Assets/Ultimate 10 Plus Shaders/Scenes/Review/Lightmap-1_comp_dir.png using Guid(30a01b46a42b3d940a62c9aa9ce9cc68) Importer(2089858483,b0f066a214c2f5e87bad3c948f4d605d) (ScriptedImporter) -> (artifact id: '8378b24cc07222339492bb20c6cff69b') in 0.024133 seconds
Number of updated asset objects reloaded before import = 0Number of asset objects unloaded after import = 1

========================================================================
Received Import Request.
  Time since last request: 0.000042 seconds.
  path: Assets/Ultimate 10 Plus Shaders/Shaders/Plexus/Plexus Line.shader
  artifactKey: Guid(f92fef4e8869e674b8dbc8fb64db23cd) Importer(2089858483,b0f066a214c2f5e87bad3c948f4d605d)
Start importing Assets/Ultimate 10 Plus Shaders/Shaders/Plexus/Plexus Line.shader using Guid(f92fef4e8869e674b8dbc8fb64db23cd) Importer(2089858483,b0f066a214c2f5e87bad3c948f4d605d) (ScriptedImporter) -> (artifact id: '9ccbc1d4f91da000890a33696dc6ac94') in 0.0115801 seconds
Number of updated asset objects reloaded before import = 0Number of asset objects unloaded after import = 1

Editor requested this worker to shutdown with reason: Scaling down because of idle timeout
AssetImportWorker is now disconnected from the server
Process exiting
Exiting without the bug reporter. Application will terminate with return code 0